0 verbose cli /usr/local/bin/node /usr/local/lib/node_modules/npm/bin/npm-cli.js
1 info using npm@11.4.1
2 info using node@v22.15.0
3 silly config load:file:/usr/local/lib/node_modules/npm/npmrc
4 silly config load:file:/Users/fan/.npmrc
5 silly config load:file:/Users/fan/.npm-global/etc/npmrc
6 verbose title npm exec localtunnel --port 8000 --subdomain z1-apk-fan
7 verbose argv "exec" "--yes" "--" "localtunnel" "--port" "8000" "--subdomain" "z1-apk-fan"
8 verbose logfile logs-max:10 dir:/Users/fan/www/AI/phone/Flutter/z1-nextapp/.npm-cache/_logs/2026-05-16T12_45_32_349Z-
9 verbose logfile /Users/fan/www/AI/phone/Flutter/z1-nextapp/.npm-cache/_logs/2026-05-16T12_45_32_349Z-debug-0.log
10 silly logfile done cleaning log files
11 silly packumentCache heap:4345298944 maxSize:1086324736 maxEntrySize:543162368
12 http fetch GET 200 https://registry.npmmirror.com/localtunnel 223ms (cache miss)
13 silly packumentCache heap:4345298944 maxSize:1086324736 maxEntrySize:543162368
14 silly packumentCache heap:4345298944 maxSize:1086324736 maxEntrySize:543162368
15 silly idealTree buildDeps
16 silly fetch manifest localtunnel@2.0.2
17 silly packumentCache full:https://registry.npmmirror.com/localtunnel cache-miss
18 http fetch GET 200 https://registry.npmmirror.com/localtunnel 36ms (cache miss)
19 silly packumentCache full:https://registry.npmmirror.com/localtunnel set size:10779 disposed:false
20 silly placeDep ROOT localtunnel@2.0.2 OK for:  want: 2.0.2
21 silly fetch manifest axios@0.21.4
22 silly packumentCache full:https://registry.npmmirror.com/axios cache-miss
23 silly fetch manifest debug@4.3.2
24 silly packumentCache full:https://registry.npmmirror.com/debug cache-miss
25 silly fetch manifest openurl@1.1.1
26 silly packumentCache full:https://registry.npmmirror.com/openurl cache-miss
27 silly fetch manifest yargs@17.1.1
28 silly packumentCache full:https://registry.npmmirror.com/yargs cache-miss
29 http fetch GET 200 https://registry.npmmirror.com/debug 76ms (cache miss)
30 silly packumentCache full:https://registry.npmmirror.com/debug set size:32036 disposed:false
31 http fetch GET 200 https://registry.npmmirror.com/axios 77ms (cache miss)
32 silly packumentCache full:https://registry.npmmirror.com/axios set size:132766 disposed:false
33 http fetch GET 200 https://registry.npmmirror.com/yargs 81ms (cache miss)
34 silly packumentCache full:https://registry.npmmirror.com/yargs set size:93779 disposed:false
35 http fetch GET 200 https://registry.npmmirror.com/openurl 96ms (cache miss)
36 silly packumentCache full:https://registry.npmmirror.com/openurl set size:2216 disposed:false
37 silly placeDep ROOT axios@0.21.4 OK for: localtunnel@2.0.2 want: 0.21.4
38 silly placeDep ROOT debug@4.3.2 OK for: localtunnel@2.0.2 want: 4.3.2
39 silly placeDep ROOT openurl@1.1.1 OK for: localtunnel@2.0.2 want: 1.1.1
40 silly placeDep ROOT yargs@17.1.1 OK for: localtunnel@2.0.2 want: 17.1.1
41 silly fetch manifest follow-redirects@^1.14.0
42 silly packumentCache full:https://registry.npmmirror.com/follow-redirects cache-miss
43 silly fetch manifest ms@2.1.2
44 silly packumentCache full:https://registry.npmmirror.com/ms cache-miss
45 silly fetch manifest cliui@^7.0.2
46 silly packumentCache full:https://registry.npmmirror.com/cliui cache-miss
47 silly fetch manifest escalade@^3.1.1
48 silly packumentCache full:https://registry.npmmirror.com/escalade cache-miss
49 silly fetch manifest get-caller-file@^2.0.5
50 silly packumentCache full:https://registry.npmmirror.com/get-caller-file cache-miss
51 silly fetch manifest require-directory@^2.1.1
52 silly packumentCache full:https://registry.npmmirror.com/require-directory cache-miss
53 silly fetch manifest string-width@^4.2.0
54 silly packumentCache full:https://registry.npmmirror.com/string-width cache-miss
55 silly fetch manifest y18n@^5.0.5
56 silly packumentCache full:https://registry.npmmirror.com/y18n cache-miss
57 silly fetch manifest yargs-parser@^20.2.2
58 silly packumentCache full:https://registry.npmmirror.com/yargs-parser cache-miss
59 http fetch GET 200 https://registry.npmmirror.com/escalade 24ms (cache miss)
60 silly packumentCache full:https://registry.npmmirror.com/escalade set size:6820 disposed:false
61 http fetch GET 200 https://registry.npmmirror.com/ms 25ms (cache miss)
62 silly packumentCache full:https://registry.npmmirror.com/ms set size:15985 disposed:false
63 http fetch GET 200 https://registry.npmmirror.com/follow-redirects 25ms (cache miss)
64 silly packumentCache full:https://registry.npmmirror.com/follow-redirects set size:30122 disposed:false
65 http fetch GET 200 https://registry.npmmirror.com/cliui 45ms (cache miss)
66 silly packumentCache full:https://registry.npmmirror.com/cliui set size:13583 disposed:false
67 http fetch GET 200 https://registry.npmmirror.com/get-caller-file 47ms (cache miss)
68 silly packumentCache full:https://registry.npmmirror.com/get-caller-file set size:3962 disposed:false
69 http fetch GET 200 https://registry.npmmirror.com/require-directory 50ms (cache miss)
70 silly packumentCache full:https://registry.npmmirror.com/require-directory set size:5300 disposed:false
71 http fetch GET 200 https://registry.npmmirror.com/y18n 50ms (cache miss)
72 silly packumentCache full:https://registry.npmmirror.com/y18n set size:9331 disposed:false
73 http fetch GET 200 https://registry.npmmirror.com/string-width 62ms (cache miss)
74 silly packumentCache full:https://registry.npmmirror.com/string-width set size:13505 disposed:false
75 http fetch GET 200 https://registry.npmmirror.com/yargs-parser 90ms (cache miss)
76 silly packumentCache full:https://registry.npmmirror.com/yargs-parser set size:34839 disposed:false
77 silly placeDep ROOT follow-redirects@1.16.0 OK for: axios@0.21.4 want: ^1.14.0
78 silly placeDep ROOT ms@2.1.2 OK for: debug@4.3.2 want: 2.1.2
79 silly placeDep ROOT cliui@7.0.4 OK for: yargs@17.1.1 want: ^7.0.2
80 silly placeDep ROOT escalade@3.2.0 OK for: yargs@17.1.1 want: ^3.1.1
81 silly placeDep ROOT get-caller-file@2.0.5 OK for: yargs@17.1.1 want: ^2.0.5
82 silly placeDep ROOT require-directory@2.1.1 OK for: yargs@17.1.1 want: ^2.1.1
83 silly placeDep ROOT string-width@4.2.3 OK for: yargs@17.1.1 want: ^4.2.0
84 silly placeDep ROOT y18n@5.0.8 OK for: yargs@17.1.1 want: ^5.0.5
85 silly placeDep ROOT yargs-parser@20.2.9 OK for: yargs@17.1.1 want: ^20.2.2
86 silly fetch manifest strip-ansi@^6.0.0
87 silly packumentCache full:https://registry.npmmirror.com/strip-ansi cache-miss
88 silly fetch manifest wrap-ansi@^7.0.0
89 silly packumentCache full:https://registry.npmmirror.com/wrap-ansi cache-miss
90 silly fetch manifest emoji-regex@^8.0.0
91 silly packumentCache full:https://registry.npmmirror.com/emoji-regex cache-miss
92 silly fetch manifest is-fullwidth-code-point@^3.0.0
93 silly packumentCache full:https://registry.npmmirror.com/is-fullwidth-code-point cache-miss
94 silly fetch manifest strip-ansi@^6.0.1
95 silly packumentCache full:https://registry.npmmirror.com/strip-ansi cache-miss
96 http fetch GET 200 https://registry.npmmirror.com/is-fullwidth-code-point 17ms (cache miss)
97 silly packumentCache full:https://registry.npmmirror.com/is-fullwidth-code-point set size:3385 disposed:false
98 http fetch GET 200 https://registry.npmmirror.com/strip-ansi 17ms (cache miss)
99 silly packumentCache full:https://registry.npmmirror.com/strip-ansi set size:8259 disposed:false
100 http fetch GET 200 https://registry.npmmirror.com/strip-ansi 18ms (cache miss)
101 silly packumentCache full:https://registry.npmmirror.com/strip-ansi set size:8259 disposed:false
102 silly packumentCache full:https://registry.npmmirror.com/strip-ansi dispose
103 http fetch GET 200 https://registry.npmmirror.com/emoji-regex 19ms (cache miss)
104 silly packumentCache full:https://registry.npmmirror.com/emoji-regex set size:17651 disposed:false
105 http fetch GET 200 https://registry.npmmirror.com/wrap-ansi 19ms (cache miss)
106 silly packumentCache full:https://registry.npmmirror.com/wrap-ansi set size:10443 disposed:false
107 silly placeDep ROOT strip-ansi@6.0.1 OK for: cliui@7.0.4 want: ^6.0.0
108 silly placeDep ROOT wrap-ansi@7.0.0 OK for: cliui@7.0.4 want: ^7.0.0
109 silly fetch manifest ansi-regex@^5.0.1
110 silly packumentCache full:https://registry.npmmirror.com/ansi-regex cache-miss
111 silly fetch manifest ansi-styles@^4.0.0
112 silly packumentCache full:https://registry.npmmirror.com/ansi-styles cache-miss
113 http fetch GET 200 https://registry.npmmirror.com/ansi-regex 16ms (cache miss)
114 silly packumentCache full:https://registry.npmmirror.com/ansi-regex set size:9857 disposed:false
115 http fetch GET 200 https://registry.npmmirror.com/ansi-styles 28ms (cache miss)
116 silly packumentCache full:https://registry.npmmirror.com/ansi-styles set size:13769 disposed:false
117 silly placeDep ROOT emoji-regex@8.0.0 OK for: string-width@4.2.3 want: ^8.0.0
118 silly placeDep ROOT is-fullwidth-code-point@3.0.0 OK for: string-width@4.2.3 want: ^3.0.0
119 silly placeDep ROOT ansi-regex@5.0.1 OK for: strip-ansi@6.0.1 want: ^5.0.1
120 silly placeDep ROOT ansi-styles@4.3.0 OK for: wrap-ansi@7.0.0 want: ^4.0.0
121 silly fetch manifest color-convert@^2.0.1
122 silly packumentCache full:https://registry.npmmirror.com/color-convert cache-miss
123 http fetch GET 200 https://registry.npmmirror.com/color-convert 15ms (cache miss)
124 silly packumentCache full:https://registry.npmmirror.com/color-convert set size:13807 disposed:false
125 silly placeDep ROOT color-convert@2.0.1 OK for: ansi-styles@4.3.0 want: ^2.0.1
126 silly fetch manifest color-name@~1.1.4
127 silly packumentCache full:https://registry.npmmirror.com/color-name cache-miss
128 http fetch GET 200 https://registry.npmmirror.com/color-name 14ms (cache miss)
129 silly packumentCache full:https://registry.npmmirror.com/color-name set size:5269 disposed:false
130 silly placeDep ROOT color-name@1.1.4 OK for: color-convert@2.0.1 want: ~1.1.4
131 silly reify moves {}
132 silly audit bulk request {
132 silly audit   localtunnel: [ '2.0.2' ],
132 silly audit   axios: [ '0.21.4' ],
132 silly audit   debug: [ '4.3.2' ],
132 silly audit   openurl: [ '1.1.1' ],
132 silly audit   yargs: [ '17.1.1' ],
132 silly audit   'follow-redirects': [ '1.16.0' ],
132 silly audit   ms: [ '2.1.2' ],
132 silly audit   cliui: [ '7.0.4' ],
132 silly audit   escalade: [ '3.2.0' ],
132 silly audit   'get-caller-file': [ '2.0.5' ],
132 silly audit   'require-directory': [ '2.1.1' ],
132 silly audit   'string-width': [ '4.2.3' ],
132 silly audit   y18n: [ '5.0.8' ],
132 silly audit   'yargs-parser': [ '20.2.9' ],
132 silly audit   'strip-ansi': [ '6.0.1' ],
132 silly audit   'wrap-ansi': [ '7.0.0' ],
132 silly audit   'emoji-regex': [ '8.0.0' ],
132 silly audit   'is-fullwidth-code-point': [ '3.0.0' ],
132 silly audit   'ansi-regex': [ '5.0.1' ],
132 silly audit   'ansi-styles': [ '4.3.0' ],
132 silly audit   'color-convert': [ '2.0.1' ],
132 silly audit   'color-name': [ '1.1.4' ]
132 silly audit }
133 http cache color-convert@https://registry.npmmirror.com/color-convert/-/color-convert-2.0.1.tgz 0ms (cache hit)
134 http cache ansi-styles@https://registry.npmmirror.com/ansi-styles/-/ansi-styles-4.3.0.tgz 0ms (cache hit)
135 http cache color-name@https://registry.npmmirror.com/color-name/-/color-name-1.1.4.tgz 0ms (cache hit)
136 http cache is-fullwidth-code-point@https://registry.npmmirror.com/is-fullwidth-code-point/-/is-fullwidth-code-point-3.0.0.tgz 0ms (cache hit)
137 http cache ansi-regex@https://registry.npmmirror.com/ansi-regex/-/ansi-regex-5.0.1.tgz 0ms (cache hit)
138 http cache wrap-ansi@https://registry.npmmirror.com/wrap-ansi/-/wrap-ansi-7.0.0.tgz 0ms (cache hit)
139 http cache emoji-regex@https://registry.npmmirror.com/emoji-regex/-/emoji-regex-8.0.0.tgz 0ms (cache hit)
140 http cache strip-ansi@https://registry.npmmirror.com/strip-ansi/-/strip-ansi-6.0.1.tgz 0ms (cache hit)
141 http cache y18n@https://registry.npmmirror.com/y18n/-/y18n-5.0.8.tgz 0ms (cache hit)
142 http cache yargs-parser@https://registry.npmmirror.com/yargs-parser/-/yargs-parser-20.2.9.tgz 0ms (cache hit)
143 http cache string-width@https://registry.npmmirror.com/string-width/-/string-width-4.2.3.tgz 0ms (cache hit)
144 http cache require-directory@https://registry.npmmirror.com/require-directory/-/require-directory-2.1.1.tgz 0ms (cache hit)
145 http cache get-caller-file@https://registry.npmmirror.com/get-caller-file/-/get-caller-file-2.0.5.tgz 0ms (cache hit)
146 http cache escalade@https://registry.npmmirror.com/escalade/-/escalade-3.2.0.tgz 0ms (cache hit)
147 http cache cliui@https://registry.npmmirror.com/cliui/-/cliui-7.0.4.tgz 0ms (cache hit)
148 http cache follow-redirects@https://registry.npmmirror.com/follow-redirects/-/follow-redirects-1.16.0.tgz 0ms (cache hit)
149 http cache ms@https://registry.npmmirror.com/ms/-/ms-2.1.2.tgz 0ms (cache hit)
150 http cache openurl@https://registry.npmmirror.com/openurl/-/openurl-1.1.1.tgz 0ms (cache hit)
151 http cache debug@https://registry.npmmirror.com/debug/-/debug-4.3.2.tgz 0ms (cache hit)
152 http cache axios@https://registry.npmmirror.com/axios/-/axios-0.21.4.tgz 0ms (cache hit)
153 http cache localtunnel@https://registry.npmmirror.com/localtunnel/-/localtunnel-2.0.2.tgz 0ms (cache hit)
154 http cache yargs@https://registry.npmmirror.com/yargs/-/yargs-17.1.1.tgz 0ms (cache hit)
155 silly tarball no local data for color-convert@https://registry.npmmirror.com/color-convert/-/color-convert-2.0.1.tgz. Extracting by manifest.
156 silly tarball no local data for ansi-styles@https://registry.npmmirror.com/ansi-styles/-/ansi-styles-4.3.0.tgz. Extracting by manifest.
157 silly tarball no local data for color-name@https://registry.npmmirror.com/color-name/-/color-name-1.1.4.tgz. Extracting by manifest.
158 silly tarball no local data for is-fullwidth-code-point@https://registry.npmmirror.com/is-fullwidth-code-point/-/is-fullwidth-code-point-3.0.0.tgz. Extracting by manifest.
159 silly tarball no local data for ansi-regex@https://registry.npmmirror.com/ansi-regex/-/ansi-regex-5.0.1.tgz. Extracting by manifest.
160 silly tarball no local data for wrap-ansi@https://registry.npmmirror.com/wrap-ansi/-/wrap-ansi-7.0.0.tgz. Extracting by manifest.
161 silly tarball no local data for emoji-regex@https://registry.npmmirror.com/emoji-regex/-/emoji-regex-8.0.0.tgz. Extracting by manifest.
162 silly tarball no local data for strip-ansi@https://registry.npmmirror.com/strip-ansi/-/strip-ansi-6.0.1.tgz. Extracting by manifest.
163 silly tarball no local data for y18n@https://registry.npmmirror.com/y18n/-/y18n-5.0.8.tgz. Extracting by manifest.
164 silly tarball no local data for yargs-parser@https://registry.npmmirror.com/yargs-parser/-/yargs-parser-20.2.9.tgz. Extracting by manifest.
165 silly tarball no local data for string-width@https://registry.npmmirror.com/string-width/-/string-width-4.2.3.tgz. Extracting by manifest.
166 silly tarball no local data for require-directory@https://registry.npmmirror.com/require-directory/-/require-directory-2.1.1.tgz. Extracting by manifest.
167 silly tarball no local data for get-caller-file@https://registry.npmmirror.com/get-caller-file/-/get-caller-file-2.0.5.tgz. Extracting by manifest.
168 silly tarball no local data for escalade@https://registry.npmmirror.com/escalade/-/escalade-3.2.0.tgz. Extracting by manifest.
169 silly tarball no local data for cliui@https://registry.npmmirror.com/cliui/-/cliui-7.0.4.tgz. Extracting by manifest.
170 silly tarball no local data for follow-redirects@https://registry.npmmirror.com/follow-redirects/-/follow-redirects-1.16.0.tgz. Extracting by manifest.
171 silly tarball no local data for ms@https://registry.npmmirror.com/ms/-/ms-2.1.2.tgz. Extracting by manifest.
172 silly tarball no local data for openurl@https://registry.npmmirror.com/openurl/-/openurl-1.1.1.tgz. Extracting by manifest.
173 silly tarball no local data for debug@https://registry.npmmirror.com/debug/-/debug-4.3.2.tgz. Extracting by manifest.
174 silly tarball no local data for axios@https://registry.npmmirror.com/axios/-/axios-0.21.4.tgz. Extracting by manifest.
175 silly tarball no local data for localtunnel@https://registry.npmmirror.com/localtunnel/-/localtunnel-2.0.2.tgz. Extracting by manifest.
176 silly tarball no local data for yargs@https://registry.npmmirror.com/yargs/-/yargs-17.1.1.tgz. Extracting by manifest.
177 http fetch POST 404 https://registry.npmmirror.com/-/npm/v1/security/advisories/bulk 12ms
178 verbose audit error HttpErrorGeneral: 404 Not Found - POST https://registry.npmmirror.com/-/npm/v1/security/advisories/bulk - [NOT_IMPLEMENTED] /-/npm/v1/security/* not implemented yet
178 verbose audit error     at /usr/local/lib/node_modules/npm/node_modules/npm-registry-fetch/lib/check-response.js:103:15
178 verbose audit error     at process.processTicksAndRejections (node:internal/process/task_queues:105:5)
178 verbose audit error     at async [getReport] (/usr/local/lib/node_modules/npm/node_modules/@npmcli/arborist/lib/audit-report.js:294:19)
178 verbose audit error     at async AuditReport.run (/usr/local/lib/node_modules/npm/node_modules/@npmcli/arborist/lib/audit-report.js:106:19) {
178 verbose audit error   headers: [Object: null prototype] {
178 verbose audit error     server: [ 'Tengine' ],
178 verbose audit error     date: [ 'Sat, 16 May 2026 12:45:37 GMT' ],
178 verbose audit error     'content-type': [ 'application/json' ],
178 verbose audit error     'transfer-encoding': [ 'chunked' ],
178 verbose audit error     connection: [ 'keep-alive' ],
178 verbose audit error     'strict-transport-security': [ 'max-age=5184000' ],
178 verbose audit error     via: [ 'kunlun3.cn7968[,404666]' ],
178 verbose audit error     'timing-allow-origin': [ '*' ],
178 verbose audit error     eagleid: [ 'b7c9e99717789355378113822e' ],
178 verbose audit error     'x-fetch-attempts': [ '1' ]
178 verbose audit error   },
178 verbose audit error   statusCode: 404,
178 verbose audit error   code: 'E404',
178 verbose audit error   method: 'POST',
178 verbose audit error   uri: 'https://registry.npmmirror.com/-/npm/v1/security/advisories/bulk',
178 verbose audit error   body: {
178 verbose audit error     error: '[NOT_IMPLEMENTED] /-/npm/v1/security/* not implemented yet'
178 verbose audit error   },
178 verbose audit error   pkgid: undefined
178 verbose audit error }
179 silly audit error [object Object]
180 silly audit report null
181 http fetch GET 200 https://cdn.npmmirror.com/packages/is-fullwidth-code-point/3.0.0/is-fullwidth-code-point-3.0.0.tgz 271ms (cache miss)
182 http fetch GET 200 https://cdn.npmmirror.com/packages/color-convert/2.0.1/color-convert-2.0.1.tgz 286ms (cache miss)
183 http fetch GET 200 https://cdn.npmmirror.com/packages/wrap-ansi/7.0.0/wrap-ansi-7.0.0.tgz 285ms (cache miss)
184 http fetch GET 200 https://cdn.npmmirror.com/packages/ansi-styles/4.3.0/ansi-styles-4.3.0.tgz 286ms (cache miss)
185 http fetch GET 200 https://cdn.npmmirror.com/packages/ms/2.1.2/ms-2.1.2.tgz 290ms (cache miss)
186 http fetch GET 200 https://cdn.npmmirror.com/packages/escalade/3.2.0/escalade-3.2.0.tgz 303ms (cache miss)
187 http fetch GET 200 https://cdn.npmmirror.com/packages/strip-ansi/6.0.1/strip-ansi-6.0.1.tgz 303ms (cache miss)
188 http fetch GET 200 https://cdn.npmmirror.com/packages/cliui/7.0.4/cliui-7.0.4.tgz 304ms (cache miss)
189 http fetch GET 200 https://cdn.npmmirror.com/packages/color-name/1.1.4/color-name-1.1.4.tgz 305ms (cache miss)
190 http fetch GET 200 https://cdn.npmmirror.com/packages/debug/4.3.2/debug-4.3.2.tgz 303ms (cache miss)
191 http fetch GET 200 https://cdn.npmmirror.com/packages/get-caller-file/2.0.5/get-caller-file-2.0.5.tgz 309ms (cache miss)
192 http fetch GET 200 https://cdn.npmmirror.com/packages/string-width/4.2.3/string-width-4.2.3.tgz 319ms (cache miss)
193 http fetch GET 200 https://cdn.npmmirror.com/packages/ansi-regex/5.0.1/ansi-regex-5.0.1.tgz 319ms (cache miss)
194 http fetch GET 200 https://cdn.npmmirror.com/packages/emoji-regex/8.0.0/emoji-regex-8.0.0.tgz 319ms (cache miss)
195 http fetch GET 200 https://cdn.npmmirror.com/packages/yargs-parser/20.2.9/yargs-parser-20.2.9.tgz 320ms (cache miss)
196 http fetch GET 200 https://cdn.npmmirror.com/packages/require-directory/2.1.1/require-directory-2.1.1.tgz 329ms (cache miss)
197 http fetch GET 200 https://cdn.npmmirror.com/packages/follow-redirects/1.16.0/follow-redirects-1.16.0.tgz 333ms (cache miss)
198 http fetch GET 200 https://cdn.npmmirror.com/packages/openurl/1.1.1/openurl-1.1.1.tgz 332ms (cache miss)
199 http fetch GET 200 https://cdn.npmmirror.com/packages/y18n/5.0.8/y18n-5.0.8.tgz 347ms (cache miss)
200 http fetch GET 200 https://cdn.npmmirror.com/packages/yargs/17.1.1/yargs-17.1.1.tgz 382ms (cache miss)
201 http fetch GET 200 https://cdn.npmmirror.com/packages/axios/0.21.4/axios-0.21.4.tgz 390ms (cache miss)
202 http fetch GET 200 https://cdn.npmmirror.com/packages/localtunnel/2.0.2/localtunnel-2.0.2.tgz 417ms (cache miss)
