0 verbose cli /usr/local/bin/node /usr/local/lib/node_modules/npm/bin/npm-cli.js
1 info using npm@11.4.1
2 info using node@v22.15.0
3 silly config load:file:/usr/local/lib/node_modules/npm/npmrc
4 silly config load:file:/Users/fan/.npmrc
5 silly config load:file:/Users/fan/.npm-global/etc/npmrc
6 verbose title npm exec localtunnel --port 8001
7 verbose argv "exec" "--yes" "--" "localtunnel" "--port" "8001"
8 verbose logfile logs-max:10 dir:/Users/fan/www/AI/phone/Flutter/z1-nextapp/.npm-cache/_logs/2026-05-16T12_54_50_184Z-
9 verbose logfile /Users/fan/www/AI/phone/Flutter/z1-nextapp/.npm-cache/_logs/2026-05-16T12_54_50_184Z-debug-0.log
10 silly logfile done cleaning log files
11 silly packumentCache heap:4345298944 maxSize:1086324736 maxEntrySize:543162368
12 http fetch GET 200 https://registry.npmmirror.com/localtunnel 191ms (cache revalidated)
13 silly packumentCache heap:4345298944 maxSize:1086324736 maxEntrySize:543162368
14 silly packumentCache heap:4345298944 maxSize:1086324736 maxEntrySize:543162368
15 verbose cwd /Users/fan/www/AI/phone/Flutter/z1-nextapp
16 verbose os Darwin 24.6.0
17 verbose node v22.15.0
18 verbose npm  v11.4.1
19 verbose exit 1
20 verbose code 1
